Microchip MPLAB XC8 Compiler V2.50

Linker command line:

-W-3 \
  --edf=C:\Program Files\Microchip\xc8\v2.50\pic\dat\20240725155939_en.msgs \
  -cn -h+dist/default/production\sim-rpm-rev00.X.production.sym \
  --cmf=dist/default/production\sim-rpm-rev00.X.production.cmf -z -Q18F4550 \
  -oC:\Users\casti\AppData\Local\Temp\xcAsa0k.\driver_tmp_3.o \
  --defsym=__MPLAB_BUILD=1 --fixupoverflow=error \
  -Mdist/default/production/sim-rpm-rev00.X.production.map \
  --md=C:\Users\casti\AppData\Local\Temp\xcAsa0k.\driver_tmp_0.dat -E1 \
  -ver=XC8 Compiler --acfsm=1493 -ACODE=00h-062AFh,078CAh-07FFFh \
  -ACONST=00h-062AFh,078CAh-07FFFh \
  -ASMALLCONST=0800h-08FFhx90,06200h-062AFh,078CAh-078FFh,07900h-079FFhx7 \
  -AMEDIUMCONST=0800h-062AFh,078CAh-07FFFh -ACOMRAM=01h-05Fh \
  -AABS1=00h-07FFh -ABIGRAM=01h-07FFh -ARAM=060h-0FFh,0100h-01FFhx7 \
  -ABANK0=060h-0FFh -ABANK1=0100h-01FFh -ABANK2=0200h-02FFh \
  -ABANK3=0300h-03FFh -ABANK4=0400h-04FFh -ABANK5=0500h-05FFh \
  -ABANK6=0600h-06FFh -ABANK7=0700h-07FFh -ASFR=0F60h-0FFFh \
  -ABIGSFR=0F60h-0FFFh -ACONFIG=0300000h-030000Dh -AIDLOC=0200000h-0200007h \
  -AEEDATA=0F00000h-0F000FFh -peeprom_data=EEDATA \
  -preset_vec=00h,intcode=8h,intcodelo,powerup,init -pramtop=0800h \
  -psmallconst=SMALLCONST -pmediumconst=MEDIUMCONST -pconst=CONST \
  -AFARRAM=00h-00h \
  -prdata=COMRAM,nvrram=COMRAM,nvbit=COMRAM,rbss=COMRAM,rbit=COMRAM \
  -pfarbss=FARRAM,fardata=FARRAM,nvFARRAM=FARRAM \
  -pintsave_regs=BIGRAM,bigbss=BIGRAM,bigdata=BIGRAM -pbss=RAM \
  -pidata=CODE,irdata=CODE,ibigdata=CODE,ifardata=CODE -prparam=COMRAM \
  C:\Users\casti\AppData\Local\Temp\xcAsa0k.\driver_tmp_9.o \
  dist/default/production\sim-rpm-rev00.X.production.o 

Object code version is 3.11

Machine type is 18F4550



                Name                               Link     Load   Length Selector   Space Scale
C:\Users\casti\AppData\Local\Temp\xcAsa0k.\driver_tmp_9.o
                init                                  E        E        4        4       0
                reset_vec                             0        0        4        0       0
dist/default/production\sim-rpm-rev00.X.production.o
                intcode                               8        8        6        4       0
                temp                                 43       43        1        1       1
                smallconst                          800      800        2      400       0
                text34                             2796     2796       3C      401       0
                text33                             2880     2880        A      401       0
                text32                             2876     2876        A      401       0
                text31                             10E2     10E2      426      401       0
                text30                             1D18     1D18      106      401       0
                text29                             1916     1916      1B4      401       0
                intcode_body                       1508     1508      256      401       0
                text27                             2838     2838       18      401       0
                text26                             242E     242E       76      401       0
                text25                             25CE     25CE       62      401       0
                text24                             1F12     1F12       C0      401       0
                text23                             256C     256C       62      401       0
                text22                             250A     250A       62      401       0
                text21                             24A4     24A4       66      401       0
                text20                             1FD2     1FD2       B6      401       0
                text19                             2758     2758       3E      401       0
                text18                             2328     2328       84      401       0
                text17                             23AC     23AC       82      401       0
                text16                             2808     2808       30      401       0
                text15                              CBA      CBA      428      401       0
                text14                              802      802      4B8      401       0
                text13                             26CA     26CA       48      401       0
                text12                             1C10     1C10      108      401       0
                text11                             175E     175E      1B8      401       0
                text10                             213C     213C       AC      401       0
                text9                              228A     228A       9E      401       0
                text8                              2088     2088       B4      401       0
                text7                              21E8     21E8       A2      401       0
                text6                              1ACA     1ACA      146      401       0
                text5                              1E1E     1E1E       F4      401       0
                text4                              286C     286C        A      401       0
                text3                              285E     285E        E      401       0
                text2                              2850     2850        E      401       0
                text1                              2682     2682       48      401       0
                text0                              2712     2712       46      401       0
                cstackCOMRAM                          1        1       3B        1       1
                cstackBANK0                          60       60       6E       60       1
                dataBANK1                           100      100       52      100       1
                bssCOMRAM                            3C       3C        7        1       1
                cinit                              27D2     27D2       36      401       0
                idataBANK1                         2630     2630       52      401       0

TOTAL           Name                               Link     Load   Length     Space
        CLASS   CODE           
                intcode                               8        8        6         0
                init                                  E        E        4         0
                reset_vec                             0        0        4         0
                text34                             2796     2796       3C         0
                text33                             2880     2880        A         0
                text32                             2876     2876        A         0
                text31                             10E2     10E2      426         0
                text30                             1D18     1D18      106         0
                text29                             1916     1916      1B4         0
                intcode_body                       1508     1508      256         0
                text27                             2838     2838       18         0
                text26                             242E     242E       76         0
                text25                             25CE     25CE       62         0
                text24                             1F12     1F12       C0         0
                text23                             256C     256C       62         0
                text22                             250A     250A       62         0
                text21                             24A4     24A4       66         0
                text20                             1FD2     1FD2       B6         0
                text19                             2758     2758       3E         0
                text18                             2328     2328       84         0
                text17                             23AC     23AC       82         0
                text16                             2808     2808       30         0
                text15                              CBA      CBA      428         0
                text14                              802      802      4B8         0
                text13                             26CA     26CA       48         0
                text12                             1C10     1C10      108         0
                text11                             175E     175E      1B8         0
                text10                             213C     213C       AC         0
                text9                              228A     228A       9E         0
                text8                              2088     2088       B4         0
                text7                              21E8     21E8       A2         0
                text6                              1ACA     1ACA      146         0
                text5                              1E1E     1E1E       F4         0
                text4                              286C     286C        A         0
                text3                              285E     285E        E         0
                text2                              2850     2850        E         0
                text1                              2682     2682       48         0
                text0                              2712     2712       46         0
                cinit                              27D2     27D2       36         0
                idataBANK1                         2630     2630       52         0

        CLASS   CONST          

        CLASS   SMALLCONST     
                smallconst                          800      800        2         0

        CLASS   MEDIUMCONST    

        CLASS   COMRAM         
                temp                                 43       43        1         1
                cstackCOMRAM                          1        1       3B         1
                bssCOMRAM                            3C       3C        7         1

        CLASS   ABS1           

        CLASS   BIGRAM         

        CLASS   RAM            

        CLASS   BANK0          
                cstackBANK0                          60       60       6E         1

        CLASS   BANK1          
                dataBANK1                           100      100       52         1

        CLASS   BANK2          

        CLASS   BANK3          

        CLASS   BANK4          

        CLASS   BANK5          

        CLASS   BANK6          

        CLASS   BANK7          

        CLASS   SFR            

        CLASS   BIGSFR         

        CLASS   CONFIG         

        CLASS   IDLOC          

        CLASS   EEDATA         

        CLASS   FARRAM         

        CLASS   HEAP           

        CLASS   STACK          



SEGMENTS        Name                           Load    Length   Top    Selector   Space  Class

                reset_vec                      000000  000004  000004         0       0  CODE    
                cstackCOMRAM                   000001  000043  000044         1       1  COMRAM  
                intcode                        000008  00000A  000012         4       0  CODE    
                cstackBANK0                    000060  00006E  0000CE        60       1  BANK0   
                dataBANK1                      000100  000052  000152       100       1  BANK1   
                smallconst                     000800  000002  000802       400       0  SMALLCON
                text14                         000802  002088  00288A       401       0  CODE    


UNUSED ADDRESS RANGES

        Name                Unused          Largest block    Delta
        BANK0            00CE-00FF             32
        BANK1            0152-01FF             AE
        BANK2            0200-02FF            100
        BANK3            0300-03FF            100
        BANK4            0400-04FF            100
        BANK5            0500-05FF            100
        BANK6            0600-06FF            100
        BANK7            0700-07FF            100
        BIGRAM           0044-005F             1C
                         00CE-00FF             32
                         0152-07FF            6AE
        BIGSFR           0F60-0FFF             A0
        CODE             0004-0007              4
                         0012-07FF            7EE
                         288A-62AF           3A26
                         78CA-7FFF            736
        COMRAM           0044-005F             1C
        CONFIG           300000-30000D              E
        CONST            0004-0007              4
                         0012-07FF            7EE
                         288A-62AF           3A26
                         78CA-7FFF            736
        EEDATA           F00000-F000FF            100
        IDLOC            200000-200007              8
        MEDIUMCONST      288A-62AF           3A26
                         78CA-7FFF            736
        RAM              00CE-00FF             32
                         0152-07FF            100
        SFR              0F60-0FFF             A0
        SMALLCONST       288A-62AF            100
                         78CA-7FFF            100

                                  Symbol Table

?___fladd                 cstackBANK0  006E
?___flmul                 cstackBANK0  007E
?___flsub                 cstackBANK0  00AB
?___fltol                 cstackBANK0  0097
?___lwdiv                 cstackBANK0  0060
?___lwmod                 cstackBANK0  0060
?___xxtofl                cstackBANK0  0060
?_round                   cstackBANK0  00B3
?_trunc                   cstackBANK0  00A1
?i2___flmul               cstackCOMRAM 000F
?i2___fltol               cstackCOMRAM 0028
?i2___xxtofl              cstackCOMRAM 0001
_ADCON0                   (abs)        0FC2
_ADCON0bits               (abs)        0FC2
_ADCON1                   (abs)        0FC1
_ADCON2                   (abs)        0FC0
_ADRESH                   (abs)        0FC4
_ADRESL                   (abs)        0FC3
_CCP1CON                  (abs)        0FBD
_CCP1CONbits              (abs)        0FBD
_CCP2CON                  (abs)        0FBA
_CCP2CONbits              (abs)        0FBA
_CCPR1L                   (abs)        0FBE
_CCPR2L                   (abs)        0FBB
_ECCP1AS                  (abs)        0FB6
_ECCP1DEL                 (abs)        0FB7
_INTCONbits               (abs)        0FF2
_IPR1bits                 (abs)        0F9F
_ISR                      intcode      0008
_LATB                     (abs)        0F8A
_LATBbits                 (abs)        0F8A
_LATCbits                 (abs)        0F8B
_OSCCON                   (abs)        0FD3
_PIE1bits                 (abs)        0F9D
_PIR1bits                 (abs)        0F9E
_PORTBbits                (abs)        0F81
_PORTD                    (abs)        0F83
_PORTDbits                (abs)        0F83
_PR2                      (abs)        0FCB
_T0CON                    (abs)        0FD5
_T0CONbits                (abs)        0FD5
_T1CON                    (abs)        0FCD
_T2CON                    (abs)        0FCA
_T2CONbits                (abs)        0FCA
_TMR0H                    (abs)        0FD7
_TMR0L                    (abs)        0FD6
_TMR1H                    (abs)        0FCF
_TMR1IF                   (abs)        7CF0
_TMR1L                    (abs)        0FCE
_TMR2                     (abs)        0FCC
_TRISA                    (abs)        0F92
_TRISB                    (abs)        0F93
_TRISBbits                (abs)        0F93
_TRISCbits                (abs)        0F94
_TRISD                    (abs)        0F95
_TRISEbits                (abs)        0F96
__HRAM                    (abs)        0000
__H__absolute__           __absolute__ 0000
__Habs1                   abs1         0000
__Hbank0                  bank0        0000
__Hbank1                  bank1        0000
__Hbank2                  bank2        0000
__Hbank3                  bank3        0000
__Hbank4                  bank4        0000
__Hbank5                  bank5        0000
__Hbank6                  bank6        0000
__Hbank7                  bank7        0000
__Hbigbss                 bigbss       0000
__Hbigdata                bigdata      0000
__Hbigram                 bigram       0000
__Hbigsfr                 bigsfr       0000
__Hbss                    bss          0000
__HbssCOMRAM              bssCOMRAM    0000
__Hcinit                  cinit        0000
__Hclrtext                clrtext      0000
__Hcomram                 comram       0000
__Hconfig                 config       0000
__Hconst                  const        0000
__HcstackBANK0            cstackBANK0  0000
__HcstackCOMRAM           cstackCOMRAM 0000
__Hdata                   data         0000
__HdataBANK1              dataBANK1    0000
__Heeprom_data            eeprom_data  0000
__Hfarbss                 farbss       0000
__Hfardata                fardata      0000
__Hheap                   heap         0000
__Hibigdata               ibigdata     0000
__Hidata                  idata        0000
__HidataBANK1             idataBANK1   0000
__Hidloc                  idloc        0000
__Hifardata               ifardata     0000
__Hinit                   init         0012
__Hintcode                intcode      000E
__Hintcode_body           intcode_body 0000
__Hintcodelo              intcodelo    000E
__Hintentry               intentry     0000
__Hintret                 intret       0000
__Hintsave_regs           intsave_regs 0000
__Hirdata                 irdata       0000
__Hmediumconst            mediumconst  0000
__HnvFARRAM               nvFARRAM     0000
__Hnvbit                  nvbit        0000
__Hnvrram                 nvrram       0000
__Hparam                  rparam       0000
__Hpowerup                powerup      000E
__Hram                    ram          0000
__Hramtop                 ramtop       0800
__Hrbit                   rbit         0000
__Hrbss                   rbss         0000
__Hrdata                  rdata        0000
__Hreset_vec              reset_vec    0004
__Hrparam                 rparam       0000
__Hsfr                    sfr          0000
__Hsivt_hi                sivt_hi      0000
__Hsivt_lo                sivt_lo      0000
__Hsmallconst             smallconst   0802
__Hspace_0                (abs)        288A
__Hspace_1                (abs)        0152
__Hspace_2                (abs)        0000
__Hspace_4                (abs)        0000
__Hstack                  stack        0000
__Hstruct                 struct       0000
__Htemp                   temp         0044
__Htext                   text         0000
__Htext0                  text0        0000
__Htext1                  text1        0000
__Htext10                 text10       0000
__Htext11                 text11       0000
__Htext12                 text12       0000
__Htext13                 text13       0000
__Htext14                 text14       0000
__Htext15                 text15       0000
__Htext16                 text16       0000
__Htext17                 text17       0000
__Htext18                 text18       0000
__Htext19                 text19       0000
__Htext2                  text2        0000
__Htext20                 text20       0000
__Htext21                 text21       0000
__Htext22                 text22       0000
__Htext23                 text23       0000
__Htext24                 text24       0000
__Htext25                 text25       0000
__Htext26                 text26       0000
__Htext27                 text27       0000
__Htext29                 text29       0000
__Htext3                  text3        0000
__Htext30                 text30       0000
__Htext31                 text31       0000
__Htext32                 text32       0000
__Htext33                 text33       0000
__Htext34                 text34       0000
__Htext4                  text4        0000
__Htext5                  text5        0000
__Htext6                  text6        0000
__Htext7                  text7        0000
__Htext8                  text8        0000
__Htext9                  text9        0000
__LRAM                    (abs)        0001
__L__absolute__           __absolute__ 0000
__Labs1                   abs1         0000
__Lbank0                  bank0        0000
__Lbank1                  bank1        0000
__Lbank2                  bank2        0000
__Lbank3                  bank3        0000
__Lbank4                  bank4        0000
__Lbank5                  bank5        0000
__Lbank6                  bank6        0000
__Lbank7                  bank7        0000
__Lbigbss                 bigbss       0000
__Lbigdata                bigdata      0000
__Lbigram                 bigram       0000
__Lbigsfr                 bigsfr       0000
__Lbss                    bss          0000
__LbssCOMRAM              bssCOMRAM    0000
__Lcinit                  cinit        0000
__Lclrtext                clrtext      0000
__Lcomram                 comram       0000
__Lconfig                 config       0000
__Lconst                  const        0000
__LcstackBANK0            cstackBANK0  0000
__LcstackCOMRAM           cstackCOMRAM 0000
__Ldata                   data         0000
__LdataBANK1              dataBANK1    0000
__Leeprom_data            eeprom_data  0000
__Lfarbss                 farbss       0000
__Lfardata                fardata      0000
__Lheap                   heap         0000
__Libigdata               ibigdata     0000
__Lidata                  idata        0000
__LidataBANK1             idataBANK1   0000
__Lidloc                  idloc        0000
__Lifardata               ifardata     0000
__Linit                   init         000E
__Lintcode                intcode      0008
__Lintcode_body           intcode_body 0000
__Lintcodelo              intcodelo    000E
__Lintentry               intentry     0000
__Lintret                 intret       0000
__Lintsave_regs           intsave_regs 0000
__Lirdata                 irdata       0000
__Lmediumconst            mediumconst  0000
__LnvFARRAM               nvFARRAM     0000
__Lnvbit                  nvbit        0000
__Lnvrram                 nvrram       0000
__Lparam                  rparam       0000
__Lpowerup                powerup      000E
__Lram                    ram          0000
__Lramtop                 ramtop       0800
__Lrbit                   rbit         0000
__Lrbss                   rbss         0000
__Lrdata                  rdata        0000
__Lreset_vec              reset_vec    0000
__Lrparam                 rparam       0000
__Lsfr                    sfr          0000
__Lsivt_hi                sivt_hi      0000
__Lsivt_lo                sivt_lo      0000
__Lsmallconst             smallconst   0800
__Lspace_0                (abs)        0000
__Lspace_1                (abs)        0000
__Lspace_2                (abs)        0000
__Lspace_4                (abs)        0000
__Lstack                  stack        0000
__Lstruct                 struct       0000
__Ltemp                   temp         0043
__Ltext                   text         0000
__Ltext0                  text0        0000
__Ltext1                  text1        0000
__Ltext10                 text10       0000
__Ltext11                 text11       0000
__Ltext12                 text12       0000
__Ltext13                 text13       0000
__Ltext14                 text14       0000
__Ltext15                 text15       0000
__Ltext16                 text16       0000
__Ltext17                 text17       0000
__Ltext18                 text18       0000
__Ltext19                 text19       0000
__Ltext2                  text2        0000
__Ltext20                 text20       0000
__Ltext21                 text21       0000
__Ltext22                 text22       0000
__Ltext23                 text23       0000
__Ltext24                 text24       0000
__Ltext25                 text25       0000
__Ltext26                 text26       0000
__Ltext27                 text27       0000
__Ltext29                 text29       0000
__Ltext3                  text3        0000
__Ltext30                 text30       0000
__Ltext31                 text31       0000
__Ltext32                 text32       0000
__Ltext33                 text33       0000
__Ltext34                 text34       0000
__Ltext4                  text4        0000
__Ltext5                  text5        0000
__Ltext6                  text6        0000
__Ltext7                  text7        0000
__Ltext8                  text8        0000
__Ltext9                  text9        0000
__S0                      (abs)        288A
__S1                      (abs)        0152
__S4                      (abs)        0000
__S5                      (abs)        0000
___fladd                  text14       0802
___fladd@a                cstackBANK0  0072
___fladd@aexp             cstackBANK0  007B
___fladd@b                cstackBANK0  006E
___fladd@bexp             cstackBANK0  007C
___fladd@grs              cstackBANK0  007D
___fladd@signs            cstackBANK0  007A
___fleq                   text10       213C
___fleq@ff1               cstackBANK0  0060
___fleq@ff2               cstackBANK0  0064
___flmul                  text15       0CBA
___flmul@a                cstackBANK0  0082
___flmul@aexp             cstackBANK0  008F
___flmul@b                cstackBANK0  007E
___flmul@bexp             cstackBANK0  0090
___flmul@grs              cstackBANK0  008B
___flmul@prod             cstackBANK0  0091
___flmul@sign             cstackBANK0  008A
___flmul@temp             cstackBANK0  0095
___flsub                  text13       26CA
___flsub@a                cstackBANK0  00AF
___flsub@b                cstackBANK0  00AB
___fltol                  text12       1C10
___fltol@exp1             cstackBANK0  00A0
___fltol@f1               cstackBANK0  0097
___fltol@sign1            cstackBANK0  009F
___heap_hi                (abs)        0000
___heap_lo                (abs)        0000
___inthi_sp               stack        0000
___inthi_stack_hi         stack        0000
___inthi_stack_lo         stack        0000
___intlo_sp               stack        0000
___intlo_stack_hi         stack        0000
___intlo_stack_lo         stack        0000
___lwdiv                  text26       242E
___lwdiv@counter          cstackBANK0  0066
___lwdiv@dividend         cstackBANK0  0060
___lwdiv@divisor          cstackBANK0  0062
___lwdiv@quotient         cstackBANK0  0064
___lwmod                  text21       24A4
___lwmod@counter          cstackBANK0  0064
___lwmod@dividend         cstackBANK0  0060
___lwmod@divisor          cstackBANK0  0062
___param_bank             (abs)        0000
___rparam_used            (abs)        0001
___sp                     stack        0000
___stack_hi               stack        0000
___stack_lo               stack        0000
___xxtofl                 text11       175E
___xxtofl@arg             cstackBANK0  006A
___xxtofl@exp             cstackBANK0  0069
___xxtofl@sign            cstackBANK0  0068
___xxtofl@val             cstackBANK0  0060
__accesstop               (abs)        0060
__activetblptr            (abs)        0000
__end_of_ISR              intcode_body 175E
__end_of___fladd          text14       0CBA
__end_of___fleq           text10       21E8
__end_of___flmul          text15       10E2
__end_of___flsub          text13       2712
__end_of___fltol          text12       1D18
__end_of___lwdiv          text26       24A4
__end_of___lwmod          text21       250A
__end_of___xxtofl         text11       1916
__end_of__initialization  cinit        27FE
__end_of_adc_ini          text27       2850
__end_of_frexp            text9        2328
__end_of_itoa             text19       2796
__end_of_lcd_com          text24       1FD2
__end_of_lcd_ini          text22       256C
__end_of_lcd_prtChar      text18       23AC
__end_of_lcd_prtInt       text16       2838
__end_of_lcd_prtStr       text17       242E
__end_of_main             text0        2758
__end_of_ms_time          text23       25CE
__end_of_pic_ini          text1        26CA
__end_of_pwm1_ini         text6        1C10
__end_of_pwm2_ini         text5        1F12
__end_of_pwm2_setDutyPot  text34       27D2
__end_of_round            text7        228A
__end_of_timer0_ini       text4        2876
__end_of_timer0_write     text33       288A
__end_of_timer1_ini       text3        286C
__end_of_timer1_write     text32       2880
__end_of_timer2_ini       text2        285E
__end_of_trunc            text8        213C
__end_of_us_time          text25       2630
__end_of_utoa             text20       2088
__end_ofi2___flmul        text31       1508
__end_ofi2___fltol        text30       1E1E
__end_ofi2___xxtofl       text29       1ACA
__initialization          cinit        27D2
__mediumconst             mediumconst  0000
__pbssCOMRAM              bssCOMRAM    003C
__pcinit                  cinit        27D2
__pcstackBANK0            cstackBANK0  0060
__pcstackCOMRAM           cstackCOMRAM 0001
__pdataBANK1              dataBANK1    0100
__pidataBANK1             idataBANK1   2630
__pintcode                intcode      0008
__pintcode_body           intcode_body 1508
__psmallconst             smallconst   0800
__ptext0                  text0        2712
__ptext1                  text1        2682
__ptext10                 text10       213C
__ptext11                 text11       175E
__ptext12                 text12       1C10
__ptext13                 text13       26CA
__ptext14                 text14       0802
__ptext15                 text15       0CBA
__ptext16                 text16       2808
__ptext17                 text17       23AC
__ptext18                 text18       2328
__ptext19                 text19       2758
__ptext2                  text2        2850
__ptext20                 text20       1FD2
__ptext21                 text21       24A4
__ptext22                 text22       250A
__ptext23                 text23       256C
__ptext24                 text24       1F12
__ptext25                 text25       25CE
__ptext26                 text26       242E
__ptext27                 text27       2838
__ptext29                 text29       1916
__ptext3                  text3        285E
__ptext30                 text30       1D18
__ptext31                 text31       10E2
__ptext32                 text32       2876
__ptext33                 text33       2880
__ptext34                 text34       2796
__ptext4                  text4        286C
__ptext5                  text5        1E1E
__ptext6                  text6        1ACA
__ptext7                  text7        21E8
__ptext8                  text8        2088
__ptext9                  text9        228A
__ramtop                  ramtop       0800
__smallconst              smallconst   0800
_adc_ini                  text27       2838
_count                    bssCOMRAM    003E
_errno                    bssCOMRAM    003C
_frexp                    text9        228A
_interrupt_timer0         bssCOMRAM    0042
_itoa                     text19       2758
_lcd_com                  text24       1F12
_lcd_ini                  text22       250A
_lcd_prtChar              text18       2328
_lcd_prtInt               text16       2808
_lcd_prtStr               text17       23AC
_main                     text0        2712
_ms_time                  text23       256C
_pic_ini                  text1        2682
_pwm1_ini                 text6        1ACA
_pwm1_ini$1686            cstackBANK0  00BD
_pwm1_ini$1687            cstackBANK0  00C1
_pwm1_ini$1688            cstackBANK0  00C5
_pwm2_ini                 text5        1E1E
_pwm2_ini$1689            cstackBANK0  00BD
_pwm2_ini$1690            cstackBANK0  00C1
_pwm2_setDutyPot          text34       2796
_round                    text7        21E8
_rpm_ckp                  bssCOMRAM    0041
_rpm_cmp                  bssCOMRAM    0040
_sinewave                 dataBANK1    0100
_timer0_ini               text4        286C
_timer0_write             text33       2880
_timer1_ini               text3        285E
_timer1_write             text32       2876
_timer2_ini               text2        2850
_trunc                    text8        2088
_turn_ctrl                bssCOMRAM    003F
_us_time                  text25       25CE
_utoa                     text20       1FD2
btemp                     temp         0043
end_of_initialization     cinit        27FE
frexp@eptr                cstackBANK0  0070
frexp@value               cstackBANK0  006C
i2___flmul                text31       10E2
i2___flmul@a              cstackCOMRAM 0013
i2___flmul@aexp           cstackCOMRAM 0020
i2___flmul@b              cstackCOMRAM 000F
i2___flmul@bexp           cstackCOMRAM 0021
i2___flmul@grs            cstackCOMRAM 001C
i2___flmul@prod           cstackCOMRAM 0022
i2___flmul@sign           cstackCOMRAM 001B
i2___flmul@temp           cstackCOMRAM 0026
i2___fltol                text30       1D18
i2___fltol@exp1           cstackCOMRAM 0031
i2___fltol@f1             cstackCOMRAM 0028
i2___fltol@sign1          cstackCOMRAM 0030
i2___xxtofl               text29       1916
i2___xxtofl@arg           cstackCOMRAM 000B
i2___xxtofl@exp           cstackCOMRAM 000A
i2___xxtofl@sign          cstackCOMRAM 0009
i2___xxtofl@val           cstackCOMRAM 0001
int$flags                 temp         0043
int_func                  intcode_body 1508
intlevel0                 text         0000
intlevel1                 text         0000
intlevel2                 text         0000
intlevel3                 text         0000
isa$std                   (abs)        0001
isa$xinst                 (abs)        0000
itoa@base                 cstackBANK0  0072
itoa@buf                  cstackBANK0  006F
itoa@val                  cstackBANK0  0070
lcd_com@cmd               cstackBANK0  006D
lcd_prtChar@dat           cstackBANK0  006D
lcd_prtInt@col            cstackBANK0  0074
lcd_prtInt@row            cstackBANK0  007E
lcd_prtInt@str            cstackBANK0  0079
lcd_prtInt@value          cstackBANK0  0075
lcd_prtStr@col            cstackBANK0  006E
lcd_prtStr@row            cstackBANK0  0070
lcd_prtStr@str            cstackBANK0  006F
ms_time@ms                cstackBANK0  0067
ms_time@sms               cstackBANK0  006B
ms_time@tms               cstackBANK0  0069
pwm1_ini@cycle            cstackBANK0  00CA
pwm1_ini@pr_var           cstackBANK0  00C9
pwm2_ini@cycle2           cstackBANK0  00C6
pwm2_ini@pr_var           cstackBANK0  00C5
pwm2_setDutyPot@ccpr2_aux cstackCOMRAM 0032
round@f                   cstackBANK0  00B7
round@x                   cstackBANK0  00B3
stackhi                   (abs)        0000
stacklo                   (abs)        0000
start                     init         000E
start_initialization      cinit        27D2
timer0_write@timer0_value cstackCOMRAM 0001
timer1_write@timer1_value cstackCOMRAM 0001
trunc@expon               cstackBANK0  00A9
trunc@i                   cstackBANK0  00A5
trunc@x                   cstackBANK0  00A1
ttemp5                    temp         0044
ttemp6                    temp         0047
ttemp7                    temp         004B
us_time@sus               cstackBANK0  006B
us_time@tus               cstackBANK0  0069
us_time@us                cstackBANK0  0067
utoa@base                 cstackBANK0  006A
utoa@buf                  cstackBANK0  0067
utoa@c                    cstackBANK0  006E
utoa@v                    cstackBANK0  006C
utoa@val                  cstackBANK0  0068
wtemp8                    temp         0044


MODULE INFORMATION

Module		Function		Class		Link	Load	Size
C:\Program Files\Microchip\xc8\v2.50\pic\sources\c90\common\round.c
		_round         		CODE           	21E8	0000	162

C:\Program Files\Microchip\xc8\v2.50\pic\sources\c90\common\round.c estimated size: 162

C:\Program Files\Microchip\xc8\v2.50\pic\sources\c90\common\lwmod.c
		___lwmod       		CODE           	24A4	0000	102

C:\Program Files\Microchip\xc8\v2.50\pic\sources\c90\common\lwmod.c estimated size: 102

C:\Program Files\Microchip\xc8\v2.50\pic\sources\c90\common\sprcmul.c
		___flmul       		CODE           	0CBA	0000	1064

C:\Program Files\Microchip\xc8\v2.50\pic\sources\c90\common\sprcmul.c estimated size: 1064

C:\Program Files\Microchip\xc8\v2.50\pic\sources\c90\common\frexp.c
		_frexp         		CODE           	228A	0000	158

C:\Program Files\Microchip\xc8\v2.50\pic\sources\c90\common\frexp.c estimated size: 158

C:\Program Files\Microchip\xc8\v2.50\pic\sources\c90\common\lwdiv.c
		___lwdiv       		CODE           	242E	0000	118

C:\Program Files\Microchip\xc8\v2.50\pic\sources\c90\common\lwdiv.c estimated size: 118

C:\Program Files\Microchip\xc8\v2.50\pic\sources\c90\common\fltol.c
		___fltol       		CODE           	1C10	0000	264

C:\Program Files\Microchip\xc8\v2.50\pic\sources\c90\common\fltol.c estimated size: 264

shared
		i2___fltol     		CODE           	1D18	0000	262
		__initialization		CODE           	27D2	0000	44
		i2___flmul     		CODE           	10E2	0000	1062
		i2___xxtofl    		CODE           	1916	0000	436

shared estimated size: 1804

C:\Program Files\Microchip\xc8\v2.50\pic\sources\c90\common\fleq.c
		___fleq        		CODE           	213C	0000	172

C:\Program Files\Microchip\xc8\v2.50\pic\sources\c90\common\fleq.c estimated size: 172

C:\Program Files\Microchip\xc8\v2.50\pic\sources\c90\common\sprcadd.c
		___flsub       		CODE           	26CA	0000	72
		___fladd       		CODE           	0802	0000	1208

C:\Program Files\Microchip\xc8\v2.50\pic\sources\c90\common\sprcadd.c estimated size: 1280

hardware.c
		_pic_ini       		CODE           	2682	0000	72
		_timer2_ini    		CODE           	2850	0000	14
		_timer0_ini    		CODE           	286C	0000	10
		_timer0_write  		CODE           	2880	0000	10
		_timer1_ini    		CODE           	285E	0000	14
		_pwm2_setDutyPot		CODE           	2796	0000	60
		_adc_ini       		CODE           	2838	0000	24
		_timer1_write  		CODE           	2876	0000	10
		_pwm1_ini      		CODE           	1ACA	0000	326
		_pwm2_ini      		CODE           	1E1E	0000	244

hardware.c estimated size: 784

lcd.c
		_lcd_com       		CODE           	1F12	0000	192
		_lcd_prtInt    		CODE           	2808	0000	48
		_lcd_prtStr    		CODE           	23AC	0000	130
		_lcd_prtChar   		CODE           	2328	0000	132
		_ms_time       		CODE           	256C	0000	98
		_us_time       		CODE           	25CE	0000	98
		_lcd_ini       		CODE           	250A	0000	98

lcd.c estimated size: 796

C:\Program Files\Microchip\xc8\v2.50\pic\sources\c90\common\trunc.c
		_trunc         		CODE           	2088	0000	180

C:\Program Files\Microchip\xc8\v2.50\pic\sources\c90\common\trunc.c estimated size: 180

main.c
		_ISR           		CODE           	0008	0000	604
		_main          		CODE           	2712	0000	70

main.c estimated size: 674

C:\Program Files\Microchip\xc8\v2.50\pic\sources\c90\common\xxtofl.c
		___xxtofl      		CODE           	175E	0000	440

C:\Program Files\Microchip\xc8\v2.50\pic\sources\c90\common\xxtofl.c estimated size: 440

C:\Program Files\Microchip\xc8\v2.50\pic\sources\c90\common\itoa.c
		_itoa          		CODE           	2758	0000	62
		_utoa          		CODE           	1FD2	0000	182

C:\Program Files\Microchip\xc8\v2.50\pic\sources\c90\common\itoa.c estimated size: 244

