Microchip MPLAB XC8 Compiler V2.50

Linker command line:

-W-3 \
  --edf=C:\Program Files\Microchip\xc8\v2.50\pic\dat\20240725155939_en.msgs \
  -cn -h+dist/default/production\sim-rpm-rev00.X.production.sym \
  --cmf=dist/default/production\sim-rpm-rev00.X.production.cmf -z -Q18F4550 \
  -oC:\Users\casti\AppData\Local\Temp\xcAsbqs.\driver_tmp_3.o \
  --defsym=__MPLAB_BUILD=1 --fixupoverflow=error \
  -Mdist/default/production/sim-rpm-rev00.X.production.map \
  --md=C:\Users\casti\AppData\Local\Temp\xcAsbqs.\driver_tmp_0.dat -E1 \
  -ver=XC8 Compiler --acfsm=1493 -ACODE=00h-07FFFh -ACONST=00h-07FFFh \
  -ASMALLCONST=0800h-08FFhx120 -AMEDIUMCONST=0800h-07FFFh -ACOMRAM=01h-05Fh \
  -AABS1=00h-07FFh -ABIGRAM=01h-07FFh -ARAM=060h-0FFh,0100h-01FFhx7 \
  -ABANK0=060h-0FFh -ABANK1=0100h-01FFh -ABANK2=0200h-02FFh \
  -ABANK3=0300h-03FFh -ABANK4=0400h-04FFh -ABANK5=0500h-05FFh \
  -ABANK6=0600h-06FFh -ABANK7=0700h-07FFh -ASFR=0F60h-0FFFh \
  -ABIGSFR=0F60h-0FFFh -ACONFIG=0300000h-030000Dh -AIDLOC=0200000h-0200007h \
  -AEEDATA=0F00000h-0F000FFh -peeprom_data=EEDATA \
  -preset_vec=00h,intcode=8h,intcodelo,powerup,init -pramtop=0800h \
  -psmallconst=SMALLCONST -pmediumconst=MEDIUMCONST -pconst=CONST \
  -AFARRAM=00h-00h \
  -prdata=COMRAM,nvrram=COMRAM,nvbit=COMRAM,rbss=COMRAM,rbit=COMRAM \
  -pfarbss=FARRAM,fardata=FARRAM,nvFARRAM=FARRAM \
  -pintsave_regs=BIGRAM,bigbss=BIGRAM,bigdata=BIGRAM -pbss=RAM \
  -pidata=CODE,irdata=CODE,ibigdata=CODE,ifardata=CODE -prparam=COMRAM \
  C:\Users\casti\AppData\Local\Temp\xcAsbqs.\driver_tmp_9.o \
  dist/default/production\sim-rpm-rev00.X.production.o 

Object code version is 3.11

Machine type is 18F4550



                Name                               Link     Load   Length Selector   Space Scale
C:\Users\casti\AppData\Local\Temp\xcAsbqs.\driver_tmp_9.o
                init                                  E        E        4        4       0
                reset_vec                             0        0        4        0       0
dist/default/production\sim-rpm-rev00.X.production.o
                intcode                               8        8        6        4       0
                temp                                 5B       5B        1        1       1
                smallconst                          800      800        2      400       0
                text22                             1C0C     1C0C        A      401       0
                intcode_body                       1292     1292      14E      401       0
                text20                             1BE0     1BE0       14      401       0
                text19                             196C     196C       74      401       0
                text18                             1A3E     1A3E       5E      401       0
                text17                             16DA     16DA       AE      401       0
                text16                             19E0     19E0       5E      401       0
                text15                             1A9C     1A9C       5C      401       0
                text14                              CB8      CB8      426      401       0
                text13                              802      802      4B6      401       0
                text12                             1B46     1B46       46      401       0
                text11                             1524     1524      106      401       0
                text10                             10DE     10DE      1B4      401       0
                text9                              1788     1788       AA      401       0
                text8                              18D4     18D4       98      401       0
                text7                              162A     162A       B0      401       0
                text6                              1832     1832       A2      401       0
                text5                              13E0     13E0      144      401       0
                text4                              1C02     1C02        A      401       0
                text3                              1BCA     1BCA       16      401       0
                text2                              1BF4     1BF4        E      401       0
                text1                              1B8C     1B8C       26      401       0
                text0                              1AF8     1AF8       4E      401       0
                cstackCOMRAM                          1        1       56        1       1
                cstackBANK0                          60       60       1B       60       1
                bssBANK0                             7B       7B        2       60       1
                bssCOMRAM                            57       57        4        1       1
                cinit                              1BB2     1BB2       18      401       0

TOTAL           Name                               Link     Load   Length     Space
        CLASS   CODE           
                intcode                               8        8        6         0
                init                                  E        E        4         0
                reset_vec                             0        0        4         0
                text22                             1C0C     1C0C        A         0
                intcode_body                       1292     1292      14E         0
                text20                             1BE0     1BE0       14         0
                text19                             196C     196C       74         0
                text18                             1A3E     1A3E       5E         0
                text17                             16DA     16DA       AE         0
                text16                             19E0     19E0       5E         0
                text15                             1A9C     1A9C       5C         0
                text14                              CB8      CB8      426         0
                text13                              802      802      4B6         0
                text12                             1B46     1B46       46         0
                text11                             1524     1524      106         0
                text10                             10DE     10DE      1B4         0
                text9                              1788     1788       AA         0
                text8                              18D4     18D4       98         0
                text7                              162A     162A       B0         0
                text6                              1832     1832       A2         0
                text5                              13E0     13E0      144         0
                text4                              1C02     1C02        A         0
                text3                              1BCA     1BCA       16         0
                text2                              1BF4     1BF4        E         0
                text1                              1B8C     1B8C       26         0
                text0                              1AF8     1AF8       4E         0
                cinit                              1BB2     1BB2       18         0

        CLASS   CONST          

        CLASS   SMALLCONST     
                smallconst                          800      800        2         0

        CLASS   MEDIUMCONST    

        CLASS   COMRAM         
                temp                                 5B       5B        1         1
                cstackCOMRAM                          1        1       56         1
                bssCOMRAM                            57       57        4         1

        CLASS   ABS1           

        CLASS   BIGRAM         

        CLASS   RAM            

        CLASS   BANK0          
                cstackBANK0                          60       60       1B         1
                bssBANK0                             7B       7B        2         1

        CLASS   BANK1          

        CLASS   BANK2          

        CLASS   BANK3          

        CLASS   BANK4          

        CLASS   BANK5          

        CLASS   BANK6          

        CLASS   BANK7          

        CLASS   SFR            

        CLASS   BIGSFR         

        CLASS   CONFIG         

        CLASS   IDLOC          

        CLASS   EEDATA         

        CLASS   FARRAM         

        CLASS   HEAP           

        CLASS   STACK          



SEGMENTS        Name                           Load    Length   Top    Selector   Space  Class

                reset_vec                      000000  000004  000004         0       0  CODE    
                cstackCOMRAM                   000001  00005B  00005C         1       1  COMRAM  
                intcode                        000008  00000A  000012         4       0  CODE    
                cstackBANK0                    000060  00001D  00007D        60       1  BANK0   
                smallconst                     000800  000002  000802       400       0  SMALLCON
                text13                         000802  001414  001C16       401       0  CODE    


UNUSED ADDRESS RANGES

        Name                Unused          Largest block    Delta
        BANK0            007D-00FF             83
        BANK1            0100-01FF            100
        BANK2            0200-02FF            100
        BANK3            0300-03FF            100
        BANK4            0400-04FF            100
        BANK5            0500-05FF            100
        BANK6            0600-06FF            100
        BANK7            0700-07FF            100
        BIGRAM           005C-005F              4
                         007D-07FF            783
        BIGSFR           0F60-0FFF             A0
        CODE             0004-0007              4
                         0012-07FF            7EE
                         1C16-7FFF           63EA
        COMRAM           005C-005F              4
        CONFIG           300000-30000D              E
        CONST            0004-0007              4
                         0012-07FF            7EE
                         1C16-7FFF           63EA
        EEDATA           F00000-F000FF            100
        IDLOC            200000-200007              8
        MEDIUMCONST      1C16-7FFF           63EA
        RAM              007D-07FF            100
        SFR              0F60-0FFF             A0
        SMALLCONST       1C16-7FFF            100

                                  Symbol Table

?___fladd                  cstackCOMRAM 0012
?___flmul                  cstackCOMRAM 0022
?___flsub                  cstackCOMRAM 004F
?___fltol                  cstackCOMRAM 003B
?___lwdiv                  cstackCOMRAM 0004
?___xxtofl                 cstackCOMRAM 0004
?_round                    cstackBANK0  0060
?_trunc                    cstackCOMRAM 0045
_ADCON0bits                (abs)        0FC2
_ADCON1                    (abs)        0FC1
_ADCON2                    (abs)        0FC0
_ADRESH                    (abs)        0FC4
_ADRESL                    (abs)        0FC3
_CCP1CON                   (abs)        0FBD
_CCP1CONbits               (abs)        0FBD
_CCPR1L                    (abs)        0FBE
_ECCP1AS                   (abs)        0FB6
_ECCP1DEL                  (abs)        0FB7
_INTCONbits                (abs)        0FF2
_IPR1bits                  (abs)        0F9F
_ISR                       intcode      0008
_LATB                      (abs)        0F8A
_LATBbits                  (abs)        0F8A
_LATCbits                  (abs)        0F8B
_OSCCON                    (abs)        0FD3
_PIE1bits                  (abs)        0F9D
_PIR1bits                  (abs)        0F9E
_PORTBbits                 (abs)        0F81
_PORTD                     (abs)        0F83
_PORTDbits                 (abs)        0F83
_PR2                       (abs)        0FCB
_T0CON                     (abs)        0FD5
_T0CONbits                 (abs)        0FD5
_T2CON                     (abs)        0FCA
_T2CONbits                 (abs)        0FCA
_TMR0H                     (abs)        0FD7
_TMR0L                     (abs)        0FD6
_TMR2                      (abs)        0FCC
_TRISA                     (abs)        0F92
_TRISB                     (abs)        0F93
_TRISBbits                 (abs)        0F93
_TRISCbits                 (abs)        0F94
_TRISD                     (abs)        0F95
__HRAM                     (abs)        0000
__H__absolute__            __absolute__ 0000
__Habs1                    abs1         0000
__Hbank0                   bank0        0000
__Hbank1                   bank1        0000
__Hbank2                   bank2        0000
__Hbank3                   bank3        0000
__Hbank4                   bank4        0000
__Hbank5                   bank5        0000
__Hbank6                   bank6        0000
__Hbank7                   bank7        0000
__Hbigbss                  bigbss       0000
__Hbigdata                 bigdata      0000
__Hbigram                  bigram       0000
__Hbigsfr                  bigsfr       0000
__Hbss                     bss          0000
__HbssBANK0                bssBANK0     0000
__HbssCOMRAM               bssCOMRAM    0000
__Hcinit                   cinit        0000
__Hclrtext                 clrtext      0000
__Hcomram                  comram       0000
__Hconfig                  config       0000
__Hconst                   const        0000
__HcstackBANK0             cstackBANK0  0000
__HcstackCOMRAM            cstackCOMRAM 0000
__Hdata                    data         0000
__Heeprom_data             eeprom_data  0000
__Hfarbss                  farbss       0000
__Hfardata                 fardata      0000
__Hheap                    heap         0000
__Hibigdata                ibigdata     0000
__Hidata                   idata        0000
__Hidloc                   idloc        0000
__Hifardata                ifardata     0000
__Hinit                    init         0012
__Hintcode                 intcode      000E
__Hintcode_body            intcode_body 0000
__Hintcodelo               intcodelo    000E
__Hintentry                intentry     0000
__Hintret                  intret       0000
__Hintsave_regs            intsave_regs 0000
__Hirdata                  irdata       0000
__Hmediumconst             mediumconst  0000
__HnvFARRAM                nvFARRAM     0000
__Hnvbit                   nvbit        0000
__Hnvrram                  nvrram       0000
__Hparam                   rparam       0000
__Hpowerup                 powerup      000E
__Hram                     ram          0000
__Hramtop                  ramtop       0800
__Hrbit                    rbit         0000
__Hrbss                    rbss         0000
__Hrdata                   rdata        0000
__Hreset_vec               reset_vec    0004
__Hrparam                  rparam       0000
__Hsfr                     sfr          0000
__Hsivt_hi                 sivt_hi      0000
__Hsivt_lo                 sivt_lo      0000
__Hsmallconst              smallconst   0802
__Hspace_0                 (abs)        1C16
__Hspace_1                 (abs)        007D
__Hspace_2                 (abs)        0000
__Hspace_4                 (abs)        0000
__Hstack                   stack        0000
__Hstruct                  struct       0000
__Htemp                    temp         005C
__Htext                    text         0000
__Htext0                   text0        0000
__Htext1                   text1        0000
__Htext10                  text10       0000
__Htext11                  text11       0000
__Htext12                  text12       0000
__Htext13                  text13       0000
__Htext14                  text14       0000
__Htext15                  text15       0000
__Htext16                  text16       0000
__Htext17                  text17       0000
__Htext18                  text18       0000
__Htext19                  text19       0000
__Htext2                   text2        0000
__Htext20                  text20       0000
__Htext22                  text22       0000
__Htext3                   text3        0000
__Htext4                   text4        0000
__Htext5                   text5        0000
__Htext6                   text6        0000
__Htext7                   text7        0000
__Htext8                   text8        0000
__Htext9                   text9        0000
__LRAM                     (abs)        0001
__L__absolute__            __absolute__ 0000
__Labs1                    abs1         0000
__Lbank0                   bank0        0000
__Lbank1                   bank1        0000
__Lbank2                   bank2        0000
__Lbank3                   bank3        0000
__Lbank4                   bank4        0000
__Lbank5                   bank5        0000
__Lbank6                   bank6        0000
__Lbank7                   bank7        0000
__Lbigbss                  bigbss       0000
__Lbigdata                 bigdata      0000
__Lbigram                  bigram       0000
__Lbigsfr                  bigsfr       0000
__Lbss                     bss          0000
__LbssBANK0                bssBANK0     0000
__LbssCOMRAM               bssCOMRAM    0000
__Lcinit                   cinit        0000
__Lclrtext                 clrtext      0000
__Lcomram                  comram       0000
__Lconfig                  config       0000
__Lconst                   const        0000
__LcstackBANK0             cstackBANK0  0000
__LcstackCOMRAM            cstackCOMRAM 0000
__Ldata                    data         0000
__Leeprom_data             eeprom_data  0000
__Lfarbss                  farbss       0000
__Lfardata                 fardata      0000
__Lheap                    heap         0000
__Libigdata                ibigdata     0000
__Lidata                   idata        0000
__Lidloc                   idloc        0000
__Lifardata                ifardata     0000
__Linit                    init         000E
__Lintcode                 intcode      0008
__Lintcode_body            intcode_body 0000
__Lintcodelo               intcodelo    000E
__Lintentry                intentry     0000
__Lintret                  intret       0000
__Lintsave_regs            intsave_regs 0000
__Lirdata                  irdata       0000
__Lmediumconst             mediumconst  0000
__LnvFARRAM                nvFARRAM     0000
__Lnvbit                   nvbit        0000
__Lnvrram                  nvrram       0000
__Lparam                   rparam       0000
__Lpowerup                 powerup      000E
__Lram                     ram          0000
__Lramtop                  ramtop       0800
__Lrbit                    rbit         0000
__Lrbss                    rbss         0000
__Lrdata                   rdata        0000
__Lreset_vec               reset_vec    0000
__Lrparam                  rparam       0000
__Lsfr                     sfr          0000
__Lsivt_hi                 sivt_hi      0000
__Lsivt_lo                 sivt_lo      0000
__Lsmallconst              smallconst   0800
__Lspace_0                 (abs)        0000
__Lspace_1                 (abs)        0000
__Lspace_2                 (abs)        0000
__Lspace_4                 (abs)        0000
__Lstack                   stack        0000
__Lstruct                  struct       0000
__Ltemp                    temp         005B
__Ltext                    text         0000
__Ltext0                   text0        0000
__Ltext1                   text1        0000
__Ltext10                  text10       0000
__Ltext11                  text11       0000
__Ltext12                  text12       0000
__Ltext13                  text13       0000
__Ltext14                  text14       0000
__Ltext15                  text15       0000
__Ltext16                  text16       0000
__Ltext17                  text17       0000
__Ltext18                  text18       0000
__Ltext19                  text19       0000
__Ltext2                   text2        0000
__Ltext20                  text20       0000
__Ltext22                  text22       0000
__Ltext3                   text3        0000
__Ltext4                   text4        0000
__Ltext5                   text5        0000
__Ltext6                   text6        0000
__Ltext7                   text7        0000
__Ltext8                   text8        0000
__Ltext9                   text9        0000
__S0                       (abs)        1C16
__S1                       (abs)        007D
__S4                       (abs)        0000
__S5                       (abs)        0000
___fladd                   text13       0802
___fladd@a                 cstackCOMRAM 0016
___fladd@aexp              cstackCOMRAM 001F
___fladd@b                 cstackCOMRAM 0012
___fladd@bexp              cstackCOMRAM 0020
___fladd@grs               cstackCOMRAM 0021
___fladd@signs             cstackCOMRAM 001E
___fleq                    text9        1788
___fleq@ff1                cstackCOMRAM 0004
___fleq@ff2                cstackCOMRAM 0008
___flmul                   text14       0CB8
___flmul@a                 cstackCOMRAM 0026
___flmul@aexp              cstackCOMRAM 0033
___flmul@b                 cstackCOMRAM 0022
___flmul@bexp              cstackCOMRAM 0034
___flmul@grs               cstackCOMRAM 002F
___flmul@prod              cstackCOMRAM 0035
___flmul@sign              cstackCOMRAM 002E
___flmul@temp              cstackCOMRAM 0039
___flsub                   text12       1B46
___flsub@a                 cstackCOMRAM 0053
___flsub@b                 cstackCOMRAM 004F
___fltol                   text11       1524
___fltol@exp1              cstackCOMRAM 0044
___fltol@f1                cstackCOMRAM 003B
___fltol@sign1             cstackCOMRAM 0043
___heap_hi                 (abs)        0000
___heap_lo                 (abs)        0000
___inthi_sp                stack        0000
___inthi_stack_hi          stack        0000
___inthi_stack_lo          stack        0000
___intlo_sp                stack        0000
___intlo_stack_hi          stack        0000
___intlo_stack_lo          stack        0000
___lwdiv                   text19       196C
___lwdiv@counter           cstackCOMRAM 000A
___lwdiv@dividend          cstackCOMRAM 0004
___lwdiv@divisor           cstackCOMRAM 0006
___lwdiv@quotient          cstackCOMRAM 0008
___param_bank              (abs)        0000
___rparam_used             (abs)        0001
___sp                      stack        0000
___stack_hi                stack        0000
___stack_lo                stack        0000
___xxtofl                  text10       10DE
___xxtofl@arg              cstackCOMRAM 000E
___xxtofl@exp              cstackCOMRAM 000D
___xxtofl@sign             cstackCOMRAM 000C
___xxtofl@val              cstackCOMRAM 0004
__accesstop                (abs)        0060
__activetblptr             (abs)        0000
__end_of_ISR               intcode_body 13E0
__end_of___fladd           text13       0CB8
__end_of___fleq            text9        1832
__end_of___flmul           text14       10DE
__end_of___flsub           text12       1B8C
__end_of___fltol           text11       162A
__end_of___lwdiv           text19       19E0
__end_of___xxtofl          text10       1292
__end_of__initialization   cinit        1BC0
__end_of_adc_ini           text20       1BF4
__end_of_frexp             text8        196C
__end_of_lcd_com           text17       1788
__end_of_lcd_ini           text15       1AF8
__end_of_main              text0        1B46
__end_of_ms_time           text16       1A3E
__end_of_pic_ini           text1        1BB2
__end_of_pwm1_ini          text5        1524
__end_of_round             text6        18D4
__end_of_timer0_ini        text3        1BE0
__end_of_timer0_write      text4        1C0C
__end_of_timer2_ini        text2        1C02
__end_of_trunc             text7        16DA
__end_of_us_time           text18       1A9C
__end_ofi2_timer0_write    text22       1C16
__initialization           cinit        1BB2
__mediumconst              mediumconst  0000
__pbssBANK0                bssBANK0     007B
__pbssCOMRAM               bssCOMRAM    0057
__pcinit                   cinit        1BB2
__pcstackBANK0             cstackBANK0  0060
__pcstackCOMRAM            cstackCOMRAM 0001
__pintcode                 intcode      0008
__pintcode_body            intcode_body 1292
__psmallconst              smallconst   0800
__ptext0                   text0        1AF8
__ptext1                   text1        1B8C
__ptext10                  text10       10DE
__ptext11                  text11       1524
__ptext12                  text12       1B46
__ptext13                  text13       0802
__ptext14                  text14       0CB8
__ptext15                  text15       1A9C
__ptext16                  text16       19E0
__ptext17                  text17       16DA
__ptext18                  text18       1A3E
__ptext19                  text19       196C
__ptext2                   text2        1BF4
__ptext20                  text20       1BE0
__ptext22                  text22       1C0C
__ptext3                   text3        1BCA
__ptext4                   text4        1C02
__ptext5                   text5        13E0
__ptext6                   text6        1832
__ptext7                   text7        162A
__ptext8                   text8        18D4
__ptext9                   text9        1788
__ramtop                   ramtop       0800
__smallconst               smallconst   0800
_adc_ini                   text20       1BE0
_errno                     bssBANK0     007B
_frexp                     text8        18D4
_interrupt_timer0          bssCOMRAM    005A
_lcd_com                   text17       16DA
_lcd_ini                   text15       1A9C
_main                      text0        1AF8
_ms_time                   text16       19E0
_pic_ini                   text1        1B8C
_pwm1_ini                  text5        13E0
_pwm1_ini$1594             cstackBANK0  006A
_pwm1_ini$1595             cstackBANK0  006E
_pwm1_ini$1596             cstackBANK0  0072
_round                     text6        1832
_rpm_ckp                   bssCOMRAM    0059
_rpm_cmp                   bssCOMRAM    0058
_timer0_ini                text3        1BCA
_timer0_write              text4        1C02
_timer2_ini                text2        1BF4
_trunc                     text7        162A
_turn_ctrl                 bssCOMRAM    0057
_us_time                   text18       1A3E
btemp                      temp         005B
end_of_initialization      cinit        1BC0
frexp@eptr                 cstackCOMRAM 0014
frexp@value                cstackCOMRAM 0010
i2_timer0_write            text22       1C0C
i2timer0_write@timer_value cstackCOMRAM 0001
int$flags                  temp         005B
int_func                   intcode_body 1292
intlevel0                  text         0000
intlevel1                  text         0000
intlevel2                  text         0000
intlevel3                  text         0000
isa$std                    (abs)        0001
isa$xinst                  (abs)        0000
lcd_com@cmd                cstackCOMRAM 0011
ms_time@ms                 cstackCOMRAM 000B
ms_time@sms                cstackCOMRAM 000F
ms_time@tms                cstackCOMRAM 000D
pwm1_ini@cycle             cstackBANK0  0077
pwm1_ini@pr_var            cstackBANK0  0076
round@f                    cstackBANK0  0064
round@x                    cstackBANK0  0060
stackhi                    (abs)        0000
stacklo                    (abs)        0000
start                      init         000E
start_initialization       cinit        1BB2
timer0_write@timer_value   cstackCOMRAM 0004
trunc@expon                cstackCOMRAM 004D
trunc@i                    cstackCOMRAM 0049
trunc@x                    cstackCOMRAM 0045
ttemp5                     temp         005C
ttemp6                     temp         005F
ttemp7                     temp         0063
us_time@sus                cstackCOMRAM 000F
us_time@tus                cstackCOMRAM 000D
us_time@us                 cstackCOMRAM 000B
wtemp8                     temp         005C


MODULE INFORMATION

Module		Function		Class		Link	Load	Size
C:\Program Files\Microchip\xc8\v2.50\pic\sources\c90\common\round.c
		_round         		CODE           	1832	0000	162

C:\Program Files\Microchip\xc8\v2.50\pic\sources\c90\common\round.c estimated size: 162

C:\Program Files\Microchip\xc8\v2.50\pic\sources\c90\common\sprcmul.c
		___flmul       		CODE           	0CB8	0000	1062

C:\Program Files\Microchip\xc8\v2.50\pic\sources\c90\common\sprcmul.c estimated size: 1062

C:\Program Files\Microchip\xc8\v2.50\pic\sources\c90\common\frexp.c
		_frexp         		CODE           	18D4	0000	152

C:\Program Files\Microchip\xc8\v2.50\pic\sources\c90\common\frexp.c estimated size: 152

C:\Program Files\Microchip\xc8\v2.50\pic\sources\c90\common\lwdiv.c
		___lwdiv       		CODE           	196C	0000	116

C:\Program Files\Microchip\xc8\v2.50\pic\sources\c90\common\lwdiv.c estimated size: 116

C:\Program Files\Microchip\xc8\v2.50\pic\sources\c90\common\fltol.c
		___fltol       		CODE           	1524	0000	262

C:\Program Files\Microchip\xc8\v2.50\pic\sources\c90\common\fltol.c estimated size: 262

shared
		__initialization		CODE           	1BB2	0000	14
		i2_timer0_write		CODE           	1C0C	0000	10

shared estimated size: 24

C:\Program Files\Microchip\xc8\v2.50\pic\sources\c90\common\fleq.c
		___fleq        		CODE           	1788	0000	170

C:\Program Files\Microchip\xc8\v2.50\pic\sources\c90\common\fleq.c estimated size: 170

C:\Program Files\Microchip\xc8\v2.50\pic\sources\c90\common\sprcadd.c
		___flsub       		CODE           	1B46	0000	70
		___fladd       		CODE           	0802	0000	1206

C:\Program Files\Microchip\xc8\v2.50\pic\sources\c90\common\sprcadd.c estimated size: 1276

hardware.c
		_pic_ini       		CODE           	1B8C	0000	38
		_timer2_ini    		CODE           	1BF4	0000	14
		_timer0_ini    		CODE           	1BCA	0000	22
		_timer0_write  		CODE           	1C02	0000	10
		_adc_ini       		CODE           	1BE0	0000	20
		_pwm1_ini      		CODE           	13E0	0000	324

hardware.c estimated size: 428

lcd.c
		_lcd_com       		CODE           	16DA	0000	174
		_ms_time       		CODE           	19E0	0000	94
		_us_time       		CODE           	1A3E	0000	94
		_lcd_ini       		CODE           	1A9C	0000	92

lcd.c estimated size: 454

C:\Program Files\Microchip\xc8\v2.50\pic\sources\c90\common\trunc.c
		_trunc         		CODE           	162A	0000	176

C:\Program Files\Microchip\xc8\v2.50\pic\sources\c90\common\trunc.c estimated size: 176

main.c
		_ISR           		CODE           	0008	0000	340
		_main          		CODE           	1AF8	0000	78

main.c estimated size: 418

C:\Program Files\Microchip\xc8\v2.50\pic\sources\c90\common\xxtofl.c
		___xxtofl      		CODE           	10DE	0000	436

C:\Program Files\Microchip\xc8\v2.50\pic\sources\c90\common\xxtofl.c estimated size: 436

